Automated daily activity recorded at Sun Mar  1 14:48:25 UTC 2026
Automated daily activity recorded at Mon Mar  2 15:09:31 UTC 2026
Automated daily activity recorded at Tue Mar  3 15:10:04 UTC 2026
Automated daily activity recorded at Wed Mar  4 15:02:12 UTC 2026
Automated daily activity recorded at Thu Mar  5 15:10:31 UTC 2026
Automated daily activity recorded at Fri Mar  6 15:02:13 UTC 2026
Automated daily activity recorded at Sat Mar  7 14:46:40 UTC 2026
Automated daily activity recorded at Sun Mar  8 14:47:37 UTC 2026
Automated daily activity recorded at Mon Mar  9 15:15:23 UTC 2026
Automated daily activity recorded at Tue Mar 10 15:14:23 UTC 2026
Automated daily activity recorded at Wed Mar 11 15:10:33 UTC 2026
Automated daily activity recorded at Thu Mar 12 15:13:42 UTC 2026
Automated daily activity recorded at Fri Mar 13 15:07:03 UTC 2026
Automated daily activity recorded at Sat Mar 14 14:51:59 UTC 2026
Automated daily activity recorded at Sun Mar 15 14:53:14 UTC 2026
Automated daily activity recorded at Mon Mar 16 15:37:10 UTC 2026
Automated daily activity recorded at Tue Mar 17 15:35:20 UTC 2026
Automated daily activity recorded at Wed Mar 18 15:45:21 UTC 2026
Automated daily activity recorded at Thu Mar 19 15:10:16 UTC 2026
Automated daily activity recorded at Fri Mar 20 15:09:51 UTC 2026
Automated daily activity recorded at Sat Mar 21 14:50:08 UTC 2026
Automated daily activity recorded at Sun Mar 22 14:51:23 UTC 2026
Automated daily activity recorded at Mon Mar 23 15:33:08 UTC 2026
Automated daily activity recorded at Tue Mar 24 15:38:28 UTC 2026
Automated daily activity recorded at Wed Mar 25 15:41:58 UTC 2026
Automated daily activity recorded at Thu Mar 26 15:48:39 UTC 2026
Automated daily activity recorded at Fri Mar 27 15:13:18 UTC 2026
Automated daily activity recorded at Sat Mar 28 14:55:11 UTC 2026
Automated daily activity recorded at Sun Mar 29 14:58:15 UTC 2026
Automated daily activity recorded at Mon Mar 30 15:48:42 UTC 2026
Automated daily activity recorded at Tue Mar 31 15:43:17 UTC 2026
Automated daily activity recorded at Wed Apr  1 15:49:25 UTC 2026
Automated daily activity recorded at Thu Apr  2 15:32:43 UTC 2026
Automated daily activity recorded at Fri Apr  3 15:06:31 UTC 2026
Automated daily activity recorded at Sat Apr  4 14:57:21 UTC 2026
Automated daily activity recorded at Sun Apr  5 14:59:08 UTC 2026
Automated daily activity recorded at Mon Apr  6 15:09:50 UTC 2026
Automated daily activity recorded at Tue Apr  7 15:51:42 UTC 2026
Automated daily activity recorded at Wed Apr  8 15:52:22 UTC 2026
Automated daily activity recorded at Thu Apr  9 15:59:08 UTC 2026
Automated daily activity recorded at Fri Apr 10 15:11:36 UTC 2026
Automated daily activity recorded at Sat Apr 11 14:59:16 UTC 2026
Automated daily activity recorded at Sun Apr 12 15:02:10 UTC 2026
Automated daily activity recorded at Mon Apr 13 15:53:09 UTC 2026
Automated daily activity recorded at Tue Apr 14 15:46:49 UTC 2026
Automated daily activity recorded at Wed Apr 15 15:44:18 UTC 2026
Automated daily activity recorded at Thu Apr 16 16:01:08 UTC 2026
Automated daily activity recorded at Fri Apr 17 15:34:12 UTC 2026
Automated daily activity recorded at Sat Apr 18 15:02:48 UTC 2026
Automated daily activity recorded at Sun Apr 19 15:03:38 UTC 2026
Automated daily activity recorded at Mon Apr 20 15:50:40 UTC 2026
Automated daily activity recorded at Tue Apr 21 15:48:53 UTC 2026
Automated daily activity recorded at Wed Apr 22 15:47:14 UTC 2026
Automated daily activity recorded at Thu Apr 23 16:15:32 UTC 2026
Automated daily activity recorded at Fri Apr 24 15:43:58 UTC 2026
Automated daily activity recorded at Sat Apr 25 15:04:41 UTC 2026
Automated daily activity recorded at Sun Apr 26 15:05:45 UTC 2026
Automated daily activity recorded at Mon Apr 27 16:03:34 UTC 2026
Automated daily activity recorded at Tue Apr 28 16:21:51 UTC 2026
Automated daily activity recorded at Wed Apr 29 16:10:04 UTC 2026
Automated daily activity recorded at Thu Apr 30 15:58:59 UTC 2026
Automated daily activity recorded at Fri May  1 15:30:30 UTC 2026
Automated daily activity recorded at Sat May  2 15:09:22 UTC 2026
Automated daily activity recorded at Sun May  3 15:09:19 UTC 2026
Automated daily activity recorded at Mon May  4 16:16:23 UTC 2026
Automated daily activity recorded at Wed May  6 16:13:07 UTC 2026
Automated daily activity recorded at Thu May  7 16:20:29 UTC 2026
Automated daily activity recorded at Fri May  8 15:56:34 UTC 2026
Automated daily activity recorded at Sat May  9 15:27:47 UTC 2026
Automated daily activity recorded at Sun May 10 15:28:56 UTC 2026
Automated daily activity recorded at Mon May 11 17:07:03 UTC 2026
Automated daily activity recorded at Tue May 12 16:35:38 UTC 2026
Automated daily activity recorded at Wed May 13 16:36:51 UTC 2026
Automated daily activity recorded at Thu May 14 16:23:59 UTC 2026
Automated daily activity recorded at Fri May 15 16:17:58 UTC 2026
Automated daily activity recorded at Sat May 16 15:32:28 UTC 2026
Automated daily activity recorded at Sun May 17 15:34:42 UTC 2026
Automated daily activity recorded at Mon May 18 17:14:51 UTC 2026
Automated daily activity recorded at Tue May 19 17:23:43 UTC 2026
Automated daily activity recorded at Wed May 20 17:36:34 UTC 2026
Automated daily activity recorded at Thu May 21 17:09:05 UTC 2026
Automated daily activity recorded at Fri May 22 16:39:27 UTC 2026
Automated daily activity recorded at Sat May 23 15:37:29 UTC 2026
Automated daily activity recorded at Sun May 24 15:40:50 UTC 2026
Automated daily activity recorded at Mon May 25 16:36:56 UTC 2026
Automated daily activity recorded at Tue May 26 17:40:24 UTC 2026
Automated daily activity recorded at Wed May 27 17:38:48 UTC 2026
Automated daily activity recorded at Thu May 28 17:46:44 UTC 2026
Automated daily activity recorded at Fri May 29 17:47:24 UTC 2026
Automated daily activity recorded at Sat May 30 15:44:04 UTC 2026
Automated daily activity recorded at Sun May 31 15:45:11 UTC 2026
Automated daily activity recorded at Mon Jun  1 19:26:38 UTC 2026
Automated daily activity recorded at Tue Jun  2 18:13:07 UTC 2026
Automated daily activity recorded at Wed Jun  3 18:33:16 UTC 2026
Automated daily activity recorded at Thu Jun  4 17:26:30 UTC 2026
Automated daily activity recorded at Fri Jun  5 16:44:51 UTC 2026
Automated daily activity recorded at Sat Jun  6 15:47:07 UTC 2026
Automated daily activity recorded at Sun Jun  7 15:49:02 UTC 2026
Automated daily activity recorded at Mon Jun  8 17:32:04 UTC 2026
Automated daily activity recorded at Tue Jun  9 17:06:51 UTC 2026
Automated daily activity recorded at Wed Jun 10 17:40:47 UTC 2026
Automated daily activity recorded at Thu Jun 11 17:48:32 UTC 2026
Automated daily activity recorded at Fri Jun 12 17:19:00 UTC 2026
Automated daily activity recorded at Sat Jun 13 15:54:33 UTC 2026
Automated daily activity recorded at Sun Jun 14 16:00:27 UTC 2026
Automated daily activity recorded at Mon Jun 15 18:48:28 UTC 2026
Automated daily activity recorded at Tue Jun 16 18:41:09 UTC 2026
Automated daily activity recorded at Wed Jun 17 17:26:49 UTC 2026
Automated daily activity recorded at Thu Jun 18 17:39:13 UTC 2026
